// Jest Snapshot v1, https://goo.gl/fbAQLP

exports[`Snapshot Auth component matches the snapshot 1`] = `null`;
