// Jest Snapshot v1, https://goo.gl/fbAQLP

exports[`Snapshot Api component matches the snapshot 1`] = `null`;
