// Jest Snapshot v1, https://goo.gl/fbAQLP

exports[`Snapshot Button component matches the snapshot 1`] = `
<button
  className="sc-bdnxRM bSShnC"
/>
`;
