// Jest Snapshot v1, https://goo.gl/fbAQLP

exports[`Snapshot HeadIcon component matches the snapshot 1`] = `
<div
  className="sc-bdnxRM gvdwan"
>
  <a
    rel="noreferrer"
    target="_blank"
  >
    <div />
    <img />
  </a>
</div>
`;
