// Jest Snapshot v1, https://goo.gl/fbAQLP

exports[`Snapshot Input component matches the snapshot 1`] = `
<input
  className="sc-bdnxRM dXJtIu"
/>
`;
