// Jest Snapshot v1, https://goo.gl/fbAQLP

exports[`Snapshot MenuOption component matches the snapshot 1`] = `
<div
  className="sc-bdnxRM fypzih"
/>
`;
