// Jest Snapshot v1, https://goo.gl/fbAQLP

exports[`Snapshot RegisterStudent component matches the snapshot 1`] = `
<form
  className="sc-dlnjwi iDwcvG"
  onSubmit={[Function]}
>
  <div
    className="sc-bdnxRM fcTkcg"
  >
    <input
      className="sc-eCApnc doXpOj"
      data-testid="input-name"
      name="name"
      placeholder="Nome"
      type="text"
    />
    <div
      className="sc-gtsrHT iKVqJa error"
    />
  </div>
  <div
    className="sc-bdnxRM fcTkcg"
  >
    <select
      className="sc-jSFjdj bURWPa"
      data-testid="select-courses"
      id="courses"
      name="id_course"
    >
      <option
        disabled={true}
        selected={true}
        value=""
      >
        Selecione um Curso
      </option>
    </select>
    <div
      className="sc-gtsrHT iKVqJa error"
    />
  </div>
  <div
    className="sc-bdnxRM fcTkcg"
  >
    <input
      className="sc-eCApnc doXpOj"
      data-testid="input-reg"
      name="reg_student"
      placeholder="MatrÃ­cula"
      type="text"
    />
    <div
      className="sc-gtsrHT iKVqJa error"
    />
  </div>
  <div
    className="sc-bdnxRM fcTkcg"
  >
    <input
      className="sc-eCApnc doXpOj"
      data-testid="input-email"
      name="email"
      placeholder="Email Institucional"
      type="email"
    />
    <div
      className="sc-gtsrHT iKVqJa error"
    />
  </div>
  <div
    className="sc-bdnxRM fcTkcg"
  >
    <input
      className="sc-eCApnc doXpOj"
      data-testid="input-password"
      name="password"
      placeholder="Senha"
      type="password"
    />
    <div
      className="sc-gtsrHT iKVqJa error"
    />
  </div>
  <div
    className="sc-bdnxRM fcTkcg"
  >
    <input
      className="sc-eCApnc doXpOj"
      data-testid="input-co-password"
      name="co_password"
      placeholder="Confirmar Senha"
      type="password"
    />
    <div
      className="sc-gtsrHT iKVqJa error"
    />
  </div>
  <div
    className="sc-bdnxRM fcTkcg"
  >
    <div
      className="errorDB"
    >
      
    </div>
    <div
      className="sc-gtsrHT iKVqJa error"
    />
  </div>
  <div
    className="sc-hKFxyN teyFV"
  >
    <button
      className="sc-gKAaRy fldcqT"
      onClick={[Function]}
    >
      CANCELAR
    </button>
    <button
      className="sc-gKAaRy fldcqT"
      type="submit"
    >
      CONFIRMAR
    </button>
  </div>
</form>
`;
