// Jest Snapshot v1, https://goo.gl/fbAQLP

exports[`Snapshot Select component matches the snapshot 1`] = `
<select
  className="sc-bdnxRM gkBzG"
>
  <option
    disabled={true}
    selected={true}
    value=""
  />
</select>
`;
